<!DOCTYPE html>
<html lang="de">
<head>
    <meta charset="UTF-8">
    <meta http-equiv="X-UA-Compatible" content="IE=edge">
    <meta name="viewport" content="width=device-width, initial-scale=1.0">
    <title>Golden Brown</title>
    <link rel="stylesheet" href="icons/solid.min.css">
    <link rel="stylesheet" href="css/styles.css">
    
</head>
<body>

    <nav>
        <ul>
            <h2>Golden</h2>
            <li><a href="#" id="golden">Golden</a></li>
            <li><a href="#">Home</a></li>
            <li><a href="#">Dienstleistungen</a></li>
            <li><a href="#">Portfolio</a></li>
            <li><a href="#">Über uns</a></li>
            <li><a href="#">Team</a></li>
            <li><a href="#">Kontakt</a></li>
        </ul>
    </nav>


    <header>

        <div class="wrapper">
            <h2>Herzlich Willkommen</h2>
            <h1>Wir entwickeln Webseiten!</h1>
            <p><a href="#">Weitere Informationen</a></p>
        </div>


    </header>

    <section>  
        <div class="wrapper2">

            <ul id="über">
                <li><h2 id="dienst">Dienstleistungen</h2></li>
                </li><h4 id="wir">Wir bieten tolle Dienstleistungen an.</h4></li>
            </ul>
        </div>
    </section>

    <section class=wrapper3>
        <div class="row">
                <div><i>&#xf291;</i>       
                    <div class="sub">E-Commerce </div>
                    <p class="block"> Wir entwickeln schicke Online-Shops, die Ihre Produkte gut verkaufen. So erzielen Sie top Umsätze
                    </p>

                </div>
                <div ><i>&#xf291;</i> 
                    <div class="sub">Responsive Web </div>
                        <p class="block"> Unsere Webseiten sehen überall gut aus:Egal ob auf dem Tablet, Desktop oder Handy.</p>
                </div>
                <div ><i>&#xf291;</i> 
                    <div class="sub">Sicherheit</div>
                        <p class="block"> Auf Sicherheit legen wir viel Wert. So sind Ihre Daten und die Ihrer Kunden gut geschützt.</p>
                </div>
                    
            </div>        
    </section>

    <div class="wrapper3">

        <ul id="über2">
            <li><h2 id="dienst">Unsere Referenzen</h2></li>
            </li><h4 id="wir">Diese Referenzen sprechen für uns.</h4></li>
        </ul>
    </div>

    <section class="main_content">
        <div class="row4">
            <div class="col-3">
                <figure>
                    <img src="images/placeholders/portfolio/adventure-daylight-girl-1462014.jpg" alt="daylight">
                    <figcaption>Webseiten-Projekt</figcaption>
                </figure>
                <p>Bei einem Großkunden</p>
            </div>
            <div class="col-3">
                <figure>
                    <img src="images/placeholders/portfolio/aerial-view-color-daylight-1125278.jpg" alt="aerial">
                    <figcaption>webseiten-Projekt</figcaption>
                </figure>
                <p>Bei einem Großkunden</p>
            </div>
            <div class="col-3">
                <figure>
                    <img src="images/placeholders/portfolio/architecture-basilica-buildings-326709.jpg" alt="basilica">
                    <figcaption>Webseiten-Projekt</figcaption>
                </figure>
                <p>Bei einem Großkunden</p>
            </div>
        </div>
    </section>    

    <section class="main_content">
        <div class="row4">
            <div class="col-3">
                <figure>
                    <img src="images/placeholders/portfolio/architecture-building-buildings-264706.jpg" alt="architecture">
                    <figcaption>Webseiten-Projekt</figcaption>
                </figure>
                <p>Bei einem Großkunden</p>
            </div>
            <div class="col-3">
                <figure>
                    <img src="images/placeholders/portfolio/ballpen-blur-bokeh-834897.jpg" alt="ballpen">
                    <figcaption>webseiten-Projekt</figcaption>
                </figure>
                <p>Bei einem Großkunden</p>
            </div>
            <div class="col-3">
                <figure>
                    <img src="images/placeholders/portfolio/breakfast-citrus-close-up-1435740.jpg" alt="breakfast">
                    <figcaption>Webseiten-Projekt</figcaption>
                </figure>
                <p>Bei einem Großkunden</p>
            </div>
        </div>
    </section>

    <div class="wrapper2">

        <ul id="über">
            <li><h2 id="dienst">Über uns</h2></li>
            </li><h4 id="wir">Das ist unsere Geschichte.</h4></li>
        </ul>
    </div>

    <section class="main_content2">
        <table>
            <tr>
                <td>Juli 2010 <br> Unsere Anfänge <br> lorem</td>
                <td><img  id="img1" src="images/placeholders/aboutus/architektur-gebaude-hochhaus-599459.jpg" alt="hochhaus"></td>
                <td></td>
            </tr>
            <tr>
                <td></td>
                <td><img id="img1" src="images/placeholders/aboutus/berge-canyon-dammerung-965154.jpg" alt=""></td>
                <td>Januar 2011 <br> Anfangsschwierigkeiten <br> lorem
                </td>
            </tr>
            <tr>
                <td>Dezember 2012 <br> Eine schwierige Zeit <br> lorem</td>
                <td><img id="img1" src="images/placeholders/aboutus/dammerung-draussen-felsen-946351.jpg" alt=""></td>
                <td></td>
            </tr>
            <tr>
                <td></td>
                <td><img id="img1" src="images/placeholders/aboutus/globus-hand-makro-1275393.jpg" alt=""></td>
                <td>Februar 2014 <br> Unser Erfolg <br> lorem</td>
            </tr>
        </table>


    </section>


   
    
</body>
</html>