<!DOCTYPE html>
<html lang="de">
<head>
    <meta charset="UTF-8">
    <meta http-equiv="X-UA-Compatible" content="IE=edge">
    <meta name="viewport" content="width=device-width, initial-scale=1.0">
    <title>Golden Brown</title>
    <link rel="stylesheet" href="icons/all.min.css">
    <link rel="stylesheet" href="css/stylesmuster.css">
    
</head>
<body>
    <header id="pageheader">
        <div class="wrapper">
            
            <nav>
                <div id="logo">
                  <a href="musterloesung.html"><h2>Golden</h2></a>
                </div>
                <ul>
                    <li><a class="active" href="#">Home</a></li>
                    <li><a href="#">Dienstleistungen</a></li>
                    <li><a href="#">Portfolio</a></li>
                    <li><a href="#">Über uns</a></li>
                    <li><a href="#">Team</a></li>
                    <li><a href="#">Kontakt</a></li>
                </ul>
            </nav>
            
            <h2 class="headertext">Herzlich Willkommen</h2>
            <h1>Wir entwickeln Webseiten</h1>
            <p><a href="#">Weitere Informationen</a></p>
        </div>
    </header>

<main>
    <section id="service">
        <div class="wrapper"></div>
        <header>
            <h2>Dienstleistungen</h2>
            <p class="lead">Wir bieten tolle Dienstleistungen an.</p>
        </header>
        <div class="row">
            <div class="col-3">
                <div class="service-icon"><i class="fas fa-shopping-basket"></i></div>
                <h3>E-Commerce</h3>
                <p class="lead">Wir entwickeln schicke Online-Shops, die Ihre Produkte gut verkaufen. So erziehlen Sie top Umsätze.</p>
            </div>
            <div class="col-3">
                <div class="service-icon"><i class="fas fa-laptop-code"></i></div>
                <h3>Responsive Web</h3>
                <p class="lead">Unsere Webseiten sehen überall gut aus:Egal ob auf dem Tablet, Desktop oder Handy.</p>
    
            </div>
            <div class="col-3">
                <div class="service-icon"><i class="fas fa-lock"></i></div>
                <h3>Sicherheit</h3>
                <p class="lead">Auf Sicherheit legen wir viel Wert. So sind Ihre Daten und die Ihrer Kunden gut geschützt.</p>
            </div>
        </div>

    </section>

    <section id="Portfolio">
        <div class="wrapper">
        <header>
            <h2>Unsere Referenzen</h2>
            <p class="lead">Diese Referenzen sprechen für uns</p>
        </header>

            <div class="row">
                <div class="col-3">
                    <div class="card">
                        <img src="images/placeholders/portfolio/aerial-view-color-daylight-1125278.jpg" alt="Webseiten-Projekt" class="card-top">
                    </div>
                    <div class="card-bottom">
                        <h4>Webseiten-Projekt</h4>
                        <p>Bei einem Großkunden</p>
                    </div>
                </div><div class="col-3">
                    <div class="card">
                        <img src="images/placeholders/portfolio/adventure-daylight-girl-1462014.jpg" alt="Webseiten-Projekt" class="card-top">
                    </div>
                    <div class="card-bottom">
                        <h4>Webseiten-Projekt</h4>
                        <p>Bei einem Großkunden</p>
                    </div>
                </div><div class="col-3">
                    <div class="card">
                        <img src="images/placeholders/portfolio/architecture-basilica-buildings-326709.jpg" alt="Webseiten-Projekt" class="card-top">
                    </div>
                    <div class="card-bottom">
                        <h4>Webseiten-Projekt</h4>
                        <p>Bei einem Großkunden</p>
                    </div>
                </div><div class="col-3">
                    <div class="card">
                        <img src="images/placeholders/portfolio/architecture-building-buildings-264706.jpg" alt="Webseiten-Projekt" class="card-top">
                    </div>
                    <div class="card-bottom">
                        <h4>Webseiten-Projekt</h4>
                        <p>Bei einem Großkunden</p>
                    </div>
                </div><div class="col-3">
                    <div class="card">
                        <img src="images/placeholders/portfolio/ballpen-blur-bokeh-834897.jpg" alt="Webseiten-Projekt" class="card-top">
                    </div>
                    <div class="card-bottom">
                        <h4>Webseiten-Projekt</h4>
                        <p>Bei einem Großkunden</p>
                    </div>
                </div><div class="col-3">
                    <div class="card">
                        <img src="images/placeholders/portfolio/breakfast-citrus-close-up-1435740.jpg" alt="Webseiten-Projekt" class="card-top">
                    </div>
                    <div class="card-bottom">
                        <h4>Webseiten-Projekt</h4>
                        <p>Bei einem Großkunden</p>
                    </div>
                </div>
            </div>
        </div>
    </section>

    <section id="aboutus">
        <div class="wrapper">
        <header>
            <h2>Über uns</h2>
            <p class="lead">Das ist unsere Geschichte.</p>
        </header>

        <div class="row">
             <div class="col-3"></div>
        </div><div class="row">
            <div class="col-3">
                <h5>Juli 2010</h5>
                <h6>Unsere Anfänge</h6>
                <p>Lorem ipsum dolor sit, amet consectetur adipisicing elit. Ipsum, similique ex nostrum earum commodi incidunt aliquid deleniti repudiandae deserunt vel magni odit ipsam quaerat ea. Blanditiis quos corrupti quam hic.</p>

            </div>
            <div class="col-3"><img src="images/placeholders/aboutus/architektur-gebaude-hochhaus-599459.jpg" alt="Juli 2010 - unsere Anfänge" class="about-us-image">
            </div>
            
            <div class="col-3"></div>
        </div><div class="row">
            <div class="col-3">
                <h5>Juli 2010</h5>
                <h6>Unsere Anfänge</h6>
                <p>Lorem ipsum dolor sit, amet consectetur adipisicing elit. Ipsum, similique ex nostrum earum commodi incidunt aliquid deleniti repudiandae deserunt vel magni odit ipsam quaerat ea. Blanditiis quos corrupti quam hic.</p>

            </div>
            <div class="col-3"><img src="images/placeholders/aboutus/berge-canyon-dammerung-965154.jpg" alt="Juli 2010 - unsere Anfänge" class="about-us-image">
            </div>
            
            <div class="col-3"></div>
        </div><div class="row">
            <div class="col-3">
                <h5>Juli 2010</h5>
                <h6>Unsere Anfänge</h6>
                <p>Lorem ipsum dolor sit, amet consectetur adipisicing elit. Ipsum, similique ex nostrum earum commodi incidunt aliquid deleniti repudiandae deserunt vel magni odit ipsam quaerat ea. Blanditiis quos corrupti quam hic.</p>

            </div>
            <div class="col-3"><img src="images/placeholders/aboutus/dammerung-draussen-felsen-946351.jpg" alt="Juli 2010 - unsere Anfänge" class="about-us-image">
            </div>
            
            <div class="col-3"></div>
        </div><div class="row">
            <div class="col-3">
                <h5>Juli 2010</h5>
                <h6>Unsere Anfänge</h6>
                <p>Lorem ipsum dolor sit, amet consectetur adipisicing elit. Ipsum, similique ex nostrum earum commodi incidunt aliquid deleniti repudiandae deserunt vel magni odit ipsam quaerat ea. Blanditiis quos corrupti quam hic.</p>

            </div>
            <div class="col-3"><img src="images/placeholders/aboutus/globus-hand-makro-1275393.jpg" alt="Juli 2010 - unsere Anfänge" class="about-us-image">
            </div>
            
            <div class="col-3"></div>
        </div>
    </div>
    </section>

    <section id="team">
        <div class="wrapper"></div>
    </section>

</main>

<footer>
    <div class="wrapper"></div>
</footer>
</body>
</html>